106.3.138.170 - - [21/Nov/2021:02:04:29 +0800] "GET / HTTP/1.1" 200 1092 "-" "Mozilla/5.0 (Windows NT 10.0; Win64; x64; rv:79.0) Gecko/20100101 Firefox/79.0"
192.241.214.5 - - [21/Nov/2021:02:15:42 +0800] "GET /portal/redlion HTTP/1.1" 301 162 "-" "Mozilla/5.0 zgrab/0.x"
209.141.34.220 - - [21/Nov/2021:02:20:45 +0800] "GET /config/getuser?index=0 HTTP/1.1" 301 162 "-" "Mozilla/5.0 (X11; Ubuntu; Linux x86_64; rv:76.0) Gecko/20100101 Firefox/76.0"
198.199.94.6 - - [21/Nov/2021:03:33:33 +0800] "GET /actuator/health HTTP/1.1" 301 162 "-" "Mozilla/5.0 zgrab/0.x"
180.149.125.164 - - [21/Nov/2021:03:52:58 +0800] "GET /c/ HTTP/1.1" 301 162 "-" "Mozilla/5.0 (Windows NT 5.1; Win64; x64) AppleWebKit/537.36 (KHTML, like Gecko) Chrome/60.0.3112.90 Safari/537.36"
180.149.125.164 - - [21/Nov/2021:03:52:59 +0800] "GET /c/ HTTP/1.1" 200 502 "http://140.117.178.171/c/" "Mozilla/5.0 (Windows NT 5.1; Win64; x64) AppleWebKit/537.36 (KHTML, like Gecko) Chrome/60.0.3112.90 Safari/537.36"
157.245.70.127 - - [21/Nov/2021:04:13:31 +0800] "GET /ab2g HTTP/1.1" 400 150 "-" "-"
157.245.70.127 - - [21/Nov/2021:04:13:32 +0800] "GET /ab2h HTTP/1.1" 400 150 "-" "-"
162.221.192.26 - - [21/Nov/2021:04:55:38 +0800] "GET / HTTP/1.1" 200 502 "-" "Mozilla/5.0 (Windows NT 10.0; Win64; x64) AppleWebKit/537.36 (KHTML, like Gecko) Chrome/60.0.3112.113 Safari/537.36"
54.226.36.216 - - [21/Nov/2021:04:59:09 +0800] "GET / HTTP/1.1" 200 502 "-" "Mozilla/5.0 (Windows NT 6.2;en-US) AppleWebKit/537.32.36 (KHTML, live Gecko) Chrome/51.0.3093.93 Safari/537.32"
54.226.36.216 - - [21/Nov/2021:04:59:13 +0800] "GET / HTTP/1.1" 200 1092 "-" "Mozilla/5.0 (Windows NT 6.1; WOW64) AppleWebKit/537.36 (KHTML, like Gecko) Chrome/81.0.4044.138 Safari/537.36"
54.226.36.216 - - [21/Nov/2021:04:59:13 +0800] "GET / HTTP/1.1" 200 1092 "-" "Mozilla/5.0 (Windows NT 6.1; WOW64) AppleWebKit/537.36 (KHTML, like Gecko) Chrome/81.0.4044.138 Safari/537.36"
54.226.36.216 - - [21/Nov/2021:04:59:13 +0800] "GET / HTTP/1.1" 200 1092 "-" "Mozilla/5.0 (Windows NT 6.1; WOW64) AppleWebKit/537.36 (KHTML, like Gecko) Chrome/81.0.4044.138 Safari/537.36"
54.226.36.216 - - [21/Nov/2021:04:59:14 +0800] "GET / HTTP/1.1" 200 1092 "-" "Mozilla/5.0 (Windows NT 6.1; WOW64) AppleWebKit/537.36 (KHTML, like Gecko) Chrome/81.0.4044.138 Safari/537.36"
54.226.36.216 - - [21/Nov/2021:04:59:15 +0800] "GET / HTTP/1.1" 200 1092 "-" "Mozilla/5.0 (Windows NT 6.1; WOW64) AppleWebKit/537.36 (KHTML, like Gecko) Chrome/81.0.4044.138 Safari/537.36"
54.226.36.216 - - [21/Nov/2021:04:59:21 +0800] "GET / HTTP/1.1" 200 1092 "-" "Mozilla/5.0 (Windows NT 6.1; WOW64) AppleWebKit/537.36 (KHTML, like Gecko) Chrome/81.0.4044.138 Safari/537.36"
54.226.36.216 - - [21/Nov/2021:04:59:22 +0800] "\x15\x03\x01\x00\x02\x02P" 400 150 "-" "-"
54.226.36.216 - - [21/Nov/2021:04:59:22 +0800] "GET / HTTP/1.1" 200 1092 "-" "Mozilla/5.0 (Windows NT 6.1; WOW64) AppleWebKit/537.36 (KHTML, like Gecko) Chrome/81.0.4044.138 Safari/537.36"
54.226.36.216 - - [21/Nov/2021:04:59:24 +0800] "\x15\x03\x01\x00\x02\x02P" 400 150 "-" "-"
54.226.36.216 - - [21/Nov/2021:04:59:25 +0800] "GET / HTTP/1.1" 200 1092 "-" "Mozilla/5.0 (Windows NT 6.1; WOW64) AppleWebKit/537.36 (KHTML, like Gecko) Chrome/81.0.4044.138 Safari/537.36"
54.226.36.216 - - [21/Nov/2021:04:59:25 +0800] "GET / HTTP/1.1" 200 1092 "-" "Mozilla/5.0 (Windows NT 6.1; WOW64) AppleWebKit/537.36 (KHTML, like Gecko) Chrome/81.0.4044.138 Safari/537.36"
54.226.36.216 - - [21/Nov/2021:04:59:27 +0800] "GET / HTTP/1.1" 200 1092 "-" "Mozilla/5.0 (Windows NT 6.1; WOW64) AppleWebKit/537.36 (KHTML, like Gecko) Chrome/81.0.4044.138 Safari/537.36"
54.226.36.216 - - [21/Nov/2021:04:59:29 +0800] "GET / HTTP/1.1" 200 1092 "-" "Mozilla/5.0 (Windows NT 6.1; WOW64) AppleWebKit/537.36 (KHTML, like Gecko) Chrome/81.0.4044.138 Safari/537.36"
54.226.36.216 - - [21/Nov/2021:04:59:30 +0800] "GET / HTTP/1.1" 200 1092 "-" "Mozilla/5.0 (Windows NT 6.1; WOW64) AppleWebKit/537.36 (KHTML, like Gecko) Chrome/81.0.4044.138 Safari/537.36"
192.241.212.44 - - [21/Nov/2021:05:28:07 +0800] "GET /ecp/Current/exporttool/microsoft.exchange.ediscovery.exporttool.application HTTP/1.1" 200 502 "-" "Mozilla/5.0 zgrab/0.x"
193.118.53.202 - - [21/Nov/2021:05:29:13 +0800] "GET / HTTP/1.1" 301 162 "-" "Mozilla/5.0 (Windows NT 10.0; Win64; x64) AppleWebKit/537.36 (KHTML, like Gecko) Chrome/60.0.3112.113 Safari/537.36"
193.118.53.202 - - [21/Nov/2021:05:29:14 +0800] "GET / HTTP/1.1" 200 502 "http://140.117.178.171/" "Mozilla/5.0 (Windows NT 10.0; Win64; x64) AppleWebKit/537.36 (KHTML, like Gecko) Chrome/60.0.3112.113 Safari/537.36"
192.241.200.235 - - [21/Nov/2021:05:30:15 +0800] "GET /owa/auth/logon.aspx HTTP/1.1" 200 502 "-" "Mozilla/5.0 zgrab/0.x"
192.241.208.61 - - [21/Nov/2021:05:32:12 +0800] "GET /owa/auth/x.js HTTP/1.1" 200 502 "-" "Mozilla/5.0 zgrab/0.x"
94.102.56.151 - - [21/Nov/2021:06:05:16 +0800] "GET / HTTP/1.1" 301 162 "-" "libwww-perl/6.45"
94.102.56.151 - - [21/Nov/2021:06:05:16 +0800] "GET / HTTP/1.1" 200 1092 "-" "libwww-perl/6.45"
94.102.56.151 - - [21/Nov/2021:06:14:24 +0800] "GET / HTTP/1.1" 200 1092 "-" "libwww-perl/6.45"
194.85.248.160 - - [21/Nov/2021:07:08:12 +0800] "GET / HTTP/1.1" 301 162 "-" "Linux Gnu (cow)"
192.241.199.248 - - [21/Nov/2021:07:18:45 +0800] "GET /ecp/Current/exporttool/microsoft.exchange.ediscovery.exporttool.application HTTP/1.1" 200 502 "-" "Mozilla/5.0 zgrab/0.x"
209.141.59.110 - - [21/Nov/2021:08:10:38 +0800] "GET / HTTP/1.1" 301 162 "-" "Linux Gnu (cow)"
128.1.248.26 - - [21/Nov/2021:08:17:26 +0800] "GET / HTTP/1.1" 200 502 "-" "Mozilla/5.0 (Windows NT 10.0; Win64; x64) AppleWebKit/537.36 (KHTML, like Gecko) Chrome/60.0.3112.113 Safari/537.36"
209.141.59.110 - - [21/Nov/2021:08:45:13 +0800] "GET / HTTP/1.1" 301 162 "-" "Linux Gnu (cow)"
186.33.91.107 - - [21/Nov/2021:09:04:56 +0800] "GET / HTTP/1.1" 301 162 "-" "Mozilla/5.0 (Windows NT 6.1; WOW64) AppleWebKit/537.36 (KHTML, like Gecko) Chrome/51.0.2704.103 Safari/537.36"
198.199.105.235 - - [21/Nov/2021:10:08:54 +0800] "GET /owa/auth/logon.aspx?url=https%3a%2f%2f1%2fecp%2f HTTP/1.1" 200 502 "-" "Mozilla/5.0 zgrab/0.x"
162.221.192.26 - - [21/Nov/2021:10:14:26 +0800] "GET / HTTP/1.1" 301 162 "-" "Mozilla/5.0 (Windows NT 10.0; Win64; x64) AppleWebKit/537.36 (KHTML, like Gecko) Chrome/60.0.3112.113 Safari/537.36"
162.221.192.26 - - [21/Nov/2021:10:14:27 +0800] "GET / HTTP/1.1" 200 502 "http://140.117.178.171/" "Mozilla/5.0 (Windows NT 10.0; Win64; x64) AppleWebKit/537.36 (KHTML, like Gecko) Chrome/60.0.3112.113 Safari/537.36"
34.140.248.32 - - [21/Nov/2021:10:16:02 +0800] "GET / HTTP/1.1" 200 502 "-" "python-requests/2.26.0"
209.141.35.154 - - [21/Nov/2021:10:19:57 +0800] "GET / HTTP/1.1" 200 502 "-" "Mozilla/5.0 (X11; Ubuntu; Linux x86_64; rv:76.0) Gecko/20100101 Firefox/76.0"
45.137.23.85 - - [21/Nov/2021:10:55:15 +0800] "GET / HTTP/1.1" 301 162 "-" "Mozilla/5.0 zgrab/0.x"
192.140.28.128 - - [21/Nov/2021:10:56:43 +0800] "GET / HTTP/1.0" 301 162 "-" "Mozilla/5.0 (Windows NT 6.1; WOW64) AppleWebKit/537.36 (KHTML, like Gecko) Chrome/51.0.2704.103 Safari/537.36"
139.162.145.250 - - [21/Nov/2021:11:18:24 +0800] "\x16\x03\x01\x00u\x01\x00\x00q\x03\x03{\x91\x16\xD9x\x99{g\x86\xF9`\xA0\xAA\x81\x17\xE7\xDF\xE9\xA0\xEAQ\x8E\x93=Wm\xB4\x9FG\xF1\xE8I\x00\x00\x1A\xC0/\xC0+\xC0\x11\xC0\x07\xC0\x13\xC0\x09\xC0\x14\xC0" 400 150 "-" "-"
209.141.34.220 - - [21/Nov/2021:11:34:42 +0800] "GET /config/getuser?index=0 HTTP/1.1" 301 162 "-" "Mozilla/5.0 (X11; Ubuntu; Linux x86_64; rv:76.0) Gecko/20100101 Firefox/76.0"
51.254.59.113 - - [21/Nov/2021:11:44:35 +0800] "GET / HTTP/1.1" 301 162 "-" "Mozilla/5.0 (Windows NT 6.1) AppleWebKit/537.36 (KHTML, like Gecko) Chrome/41.0.2228.0 Safari/537.36"
52.35.48.7 - - [21/Nov/2021:12:09:20 +0800] "HEAD / HTTP/1.1" 301 0 "-" "Go-http-client/1.1"
52.35.48.7 - - [21/Nov/2021:12:09:21 +0800] "HEAD / HTTP/2.0" 200 0 "http://dorm.scc-net.tw" "Go-http-client/2.0"
35.86.122.222 - - [21/Nov/2021:12:09:24 +0800] "GET / HTTP/1.1" 301 162 "-" "Mozilla/5.0 (X11; Linux x86_64) AppleWebKit/537.36 (KHTML, like Gecko) HeadlessChrome/96.0.4664.45 Safari/537.36"
35.86.122.222 - - [21/Nov/2021:12:09:24 +0800] "GET / HTTP/2.0" 200 490 "-" "Mozilla/5.0 (X11; Linux x86_64) AppleWebKit/537.36 (KHTML, like Gecko) HeadlessChrome/96.0.4664.45 Safari/537.36"
128.1.248.42 - - [21/Nov/2021:13:02:31 +0800] "GET / HTTP/1.1" 200 502 "-" "Mozilla/5.0 (Windows NT 10.0; Win64; x64) AppleWebKit/537.36 (KHTML, like Gecko) Chrome/60.0.3112.113 Safari/537.36"
49.213.226.204 - - [21/Nov/2021:13:17:39 +0800] "GET / HTTP/1.0" 301 162 "-" "-"
209.141.35.154 - - [21/Nov/2021:13:29:38 +0800] "GET / HTTP/1.1" 200 502 "-" "Mozilla/5.0 (X11; Ubuntu; Linux x86_64; rv:76.0) Gecko/20100101 Firefox/76.0"
213.154.11.38 - - [21/Nov/2021:13:52:03 +0800] "GET / HTTP/1.1" 301 162 "-" "Mozilla/5.0 (Windows NT 10.0; WOW64) AppleWebKit/537.36 (KHTML, like Gecko) Chrome/51.0.2704.103 Safari/537.36"
192.241.212.16 - - [21/Nov/2021:14:29:39 +0800] "GET /actuator/health HTTP/1.1" 200 502 "-" "Mozilla/5.0 zgrab/0.x"
183.136.225.14 - - [21/Nov/2021:14:54:08 +0800] "GET / HTTP/1.1" 200 1092 "-" "Mozilla/5.0 (Macintosh; Intel Mac OS X 10.11; rv:47.0) Gecko/20100101 Firefox/47.0"
165.22.79.56 - - [21/Nov/2021:14:54:38 +0800] "\x16\x03\x01\x01\xFE\x01\x00\x01\xFA\x03\x03lm\xDD$\x92\x81\x8D[\xFE\xAE\x11\xC71\x05\x99\xE5\xC5\x83\x9B\x19\xFDI\xAF^\x0CX\xBC\x80|\x0C\x15:\x00\x01<\xCC\x14\xCC\x13\xCC\x15\xC00\xC0,\xC0(\xC0$\xC0\x14\xC0" 400 150 "-" "-"
183.136.225.14 - - [21/Nov/2021:14:55:00 +0800] "GET / HTTP/1.1" 200 502 "-" "Mozilla/5.0 (Windows NT 6.1; WOW64) AppleWebKit/537.36 (KHTML, like Gecko) Chrome/63.0.3239.132 Safari/537.36 QIHU 360SE"
183.136.225.14 - - [21/Nov/2021:14:55:01 +0800] "GET /favicon.ico HTTP/1.1" 200 502 "-" "Mozilla/5.0 (Windows NT 6.1; WOW64) AppleWebKit/537.36 (KHTML, like Gecko) Chrome/63.0.3239.132 Safari/537.36 QIHU 360SE"
183.136.225.14 - - [21/Nov/2021:14:55:03 +0800] "GET /robots.txt HTTP/1.1" 200 502 "-" "Mozilla/5.0 (Windows NT 6.1; WOW64) AppleWebKit/537.36 (KHTML, like Gecko) Chrome/63.0.3239.132 Safari/537.36 QIHU 360SE"
80.82.77.192 - - [21/Nov/2021:14:56:05 +0800] "GET / HTTP/1.1" 301 162 "-" "Mozilla/5.0 (Windows NT 10.0; Win64; x64) AppleWebKit/537.36 (KHTML, like Gecko) Chrome/88.0.4324.190 Safari/537.36"
80.82.77.192 - - [21/Nov/2021:14:56:06 +0800] "GET / HTTP/1.1" 200 502 "http://140.117.178.171:80/" "Mozilla/5.0 (Windows NT 10.0; Win64; x64) AppleWebKit/537.36 (KHTML, like Gecko) Chrome/88.0.4324.190 Safari/537.36"
54.203.6.12 - - [21/Nov/2021:15:28:39 +0800] "HEAD / HTTP/1.1" 301 0 "-" "Go-http-client/1.1"
54.203.6.12 - - [21/Nov/2021:15:28:39 +0800] "HEAD / HTTP/2.0" 404 0 "http://poke.dorm.scc-net.tw" "Go-http-client/2.0"
52.13.0.220 - - [21/Nov/2021:15:28:40 +0800] "HEAD / HTTP/1.1" 301 0 "-" "Mozilla/5.0 (Windows NT 6.1; WOW64) AppleWebKit/537.36 (KHTML, like Gecko) Chrome/56.0.2924.76 Safari/537.36"
52.13.0.220 - - [21/Nov/2021:15:28:41 +0800] "HEAD / HTTP/2.0" 404 0 "http://poke.dorm.scc-net.tw" "Mozilla/5.0 (Windows NT 6.1; WOW64) AppleWebKit/537.36 (KHTML, like Gecko) Chrome/56.0.2924.76 Safari/537.36"
52.13.0.220 - - [21/Nov/2021:15:28:41 +0800] "HEAD / HTTP/2.0" 404 0 "-" "Mozilla/5.0 (Windows NT 6.1; WOW64) AppleWebKit/537.36 (KHTML, like Gecko) Chrome/56.0.2924.76 Safari/537.36"
52.13.0.220 - - [21/Nov/2021:15:28:42 +0800] "HEAD / HTTP/1.1" 301 0 "-" "Mozilla/5.0 (Windows NT 6.1; WOW64) AppleWebKit/537.36 (KHTML, like Gecko) Chrome/56.0.2924.76 Safari/537.36"
52.13.0.220 - - [21/Nov/2021:15:28:42 +0800] "HEAD / HTTP/2.0" 404 0 "http://poke.dorm.scc-net.tw" "Mozilla/5.0 (Windows NT 6.1; WOW64) AppleWebKit/537.36 (KHTML, like Gecko) Chrome/56.0.2924.76 Safari/537.36"
52.13.0.220 - - [21/Nov/2021:15:28:43 +0800] "HEAD / HTTP/2.0" 404 0 "-" "Mozilla/5.0 (Windows NT 6.1; WOW64) AppleWebKit/537.36 (KHTML, like Gecko) Chrome/56.0.2924.76 Safari/537.36"
52.13.0.220 - - [21/Nov/2021:15:28:43 +0800] "HEAD / HTTP/1.1" 301 0 "-" "Mozilla/5.0 (Windows NT 6.1; WOW64) AppleWebKit/537.36 (KHTML, like Gecko) Chrome/56.0.2924.76 Safari/537.36"
52.13.0.220 - - [21/Nov/2021:15:28:44 +0800] "HEAD / HTTP/2.0" 404 0 "http://poke.dorm.scc-net.tw" "Mozilla/5.0 (Windows NT 6.1; WOW64) AppleWebKit/537.36 (KHTML, like Gecko) Chrome/56.0.2924.76 Safari/537.36"
52.13.0.220 - - [21/Nov/2021:15:28:44 +0800] "HEAD / HTTP/2.0" 404 0 "-" "Mozilla/5.0 (Windows NT 6.1; WOW64) AppleWebKit/537.36 (KHTML, like Gecko) Chrome/56.0.2924.76 Safari/537.36"
52.13.0.220 - - [21/Nov/2021:15:28:45 +0800] "HEAD / HTTP/1.1" 301 0 "-" "Mozilla/5.0 (Windows NT 6.1; WOW64) AppleWebKit/537.36 (KHTML, like Gecko) Chrome/56.0.2924.76 Safari/537.36"
52.13.0.220 - - [21/Nov/2021:15:28:45 +0800] "HEAD / HTTP/2.0" 404 0 "http://poke.dorm.scc-net.tw" "Mozilla/5.0 (Windows NT 6.1; WOW64) AppleWebKit/537.36 (KHTML, like Gecko) Chrome/56.0.2924.76 Safari/537.36"
52.13.0.220 - - [21/Nov/2021:15:28:46 +0800] "HEAD / HTTP/2.0" 404 0 "-" "Mozilla/5.0 (Windows NT 6.1; WOW64) AppleWebKit/537.36 (KHTML, like Gecko) Chrome/56.0.2924.76 Safari/537.36"
52.13.0.220 - - [21/Nov/2021:15:28:46 +0800] "HEAD / HTTP/1.1" 301 0 "-" "Mozilla/5.0 (Windows NT 6.1; WOW64) AppleWebKit/537.36 (KHTML, like Gecko) Chrome/56.0.2924.76 Safari/537.36"
52.13.0.220 - - [21/Nov/2021:15:28:47 +0800] "HEAD / HTTP/2.0" 404 0 "http://poke.dorm.scc-net.tw" "Mozilla/5.0 (Windows NT 6.1; WOW64) AppleWebKit/537.36 (KHTML, like Gecko) Chrome/56.0.2924.76 Safari/537.36"
52.13.0.220 - - [21/Nov/2021:15:28:47 +0800] "HEAD / HTTP/2.0" 404 0 "-" "Mozilla/5.0 (Windows NT 6.1; WOW64) AppleWebKit/537.36 (KHTML, like Gecko) Chrome/56.0.2924.76 Safari/537.36"
147.135.115.235 - - [21/Nov/2021:16:45:30 +0800] "HEAD / HTTP/1.1" 301 0 "-" "Mozilla/5.0 (Windows NT 10.0; WOW64) AppleWebKit/537.36 (KHTML, like Gecko) Chrome/51.0.2704.106 Safari/537.36"
192.241.215.92 - - [21/Nov/2021:17:36:49 +0800] "GET / HTTP/1.1" 301 162 "-" "Mozilla/5.0 zgrab/0.x"
192.241.210.24 - - [21/Nov/2021:17:45:46 +0800] "GET / HTTP/1.1" 200 502 "-" "Mozilla/5.0 zgrab/0.x"
64.62.197.152 - - [21/Nov/2021:17:48:04 +0800] "GET / HTTP/1.1" 200 1092 "-" "-"
64.62.197.152 - - [21/Nov/2021:17:59:19 +0800] "GET /resolve?name=dnsscan.shadowserver.org&type=A HTTP/1.1" 200 1092 "-" "-"
209.141.34.220 - - [21/Nov/2021:18:00:21 +0800] "GET /config/getuser?index=0 HTTP/1.1" 301 162 "-" "Mozilla/5.0 (X11; Ubuntu; Linux x86_64; rv:76.0) Gecko/20100101 Firefox/76.0"
5.188.210.227 - - [21/Nov/2021:18:12:33 +0800] "\x05\x01\x00" 400 150 "-" "-"
5.188.210.227 - - [21/Nov/2021:18:13:48 +0800] "\x04\x01\x00P\x05\xBC\xD2\xE3\x00" 400 150 "-" "-"
5.188.210.227 - - [21/Nov/2021:18:14:38 +0800] "GET http://5.188.210.227/echo.php HTTP/1.1" 301 162 "https://www.google.com/" "Mozilla/5.0 (Windows NT 6.1) AppleWebKit/537.36 (KHTML, like Gecko) Chrome/70.0.3538.77 Safari/537.36"
5.188.210.227 - - [21/Nov/2021:18:22:10 +0800] "\x05\x01\x00" 400 150 "-" "-"
5.188.210.227 - - [21/Nov/2021:18:23:38 +0800] "\x04\x01\x00P\x05\xBC\xD2\xE3\x00" 400 150 "-" "-"
5.188.210.227 - - [21/Nov/2021:18:24:10 +0800] "GET http://5.188.210.227/echo.php HTTP/1.1" 400 650 "https://www.google.com/" "Mozilla/5.0 (Windows NT 6.1) AppleWebKit/537.36 (KHTML, like Gecko) Chrome/70.0.3538.77 Safari/537.36"
92.118.160.9 - - [21/Nov/2021:18:39:09 +0800] "GET / HTTP/1.1" 301 162 "-" "NetSystemsResearch studies the availability of various services across the internet. Our website is netsystemsresearch.com"
74.82.47.5 - - [21/Nov/2021:18:42:20 +0800] "GET / HTTP/1.1" 301 162 "-" "-"
209.141.59.110 - - [21/Nov/2021:19:27:19 +0800] "GET / HTTP/1.1" 301 162 "-" "Linux Gnu (cow)"
209.141.34.220 - - [21/Nov/2021:20:36:15 +0800] "GET /config/getuser?index=0 HTTP/1.1" 301 162 "-" "Mozilla/5.0 (X11; Ubuntu; Linux x86_64; rv:76.0) Gecko/20100101 Firefox/76.0"
209.141.35.154 - - [21/Nov/2021:21:10:27 +0800] "GET / HTTP/1.1" 200 502 "-" "Mozilla/5.0 (X11; Ubuntu; Linux x86_64; rv:76.0) Gecko/20100101 Firefox/76.0"
5.235.217.239 - - [21/Nov/2021:22:32:02 +0800] "GET / HTTP/1.1" 301 162 "-" "Mozilla/5.0 (Windows NT 6.1; WOW64) AppleWebKit/537.36 (KHTML, like Gecko) Chrome/52.0.2743.116 Safari/537.36"
205.185.115.39 - - [21/Nov/2021:22:41:53 +0800] "GET /config/getuser?index=0 HTTP/1.1" 400 248 "-" "Mozilla/5.0 (X11; Ubuntu; Linux x86_64; rv:76.0) Gecko/20100101 Firefox/76.0"
109.237.103.118 - - [21/Nov/2021:23:13:38 +0800] "GET /.env HTTP/1.1" 400 650 "-" "Mozilla/5.0 (X11; Linux x86_64) AppleWebKit/537.36 (KHTML, like Gecko) Chrome/81.0.4044.129 Safari/537.36"
109.237.103.118 - - [21/Nov/2021:23:13:39 +0800] "GET /.env HTTP/1.1" 200 502 "-" "Mozilla/5.0 (X11; Linux x86_64) AppleWebKit/537.36 (KHTML, like Gecko) Chrome/81.0.4044.129 Safari/537.36"
137.184.232.16 - - [21/Nov/2021:23:38:00 +0800] "POST /boaform/admin/formLogin HTTP/1.1" 301 162 "http://140.117.178.171:80/admin/login.asp" "Mozilla/5.0 (X11; Ubuntu; Linux x86_64; rv:71.0) Gecko/20100101 Firefox/71.0"
137.184.232.16 - - [21/Nov/2021:23:38:00 +0800] "" 400 0 "-" "-"
128.14.134.134 - - [21/Nov/2021:23:47:51 +0800] "GET / HTTP/1.1" 200 502 "-" "Mozilla/5.0 (Windows NT 10.0; Win64; x64) AppleWebKit/537.36 (KHTML, like Gecko) Chrome/60.0.3112.113 Safari/537.36"
193.118.53.194 - - [21/Nov/2021:23:55:14 +0800] "GET / HTTP/1.1" 301 162 "-" "Mozilla/5.0 (Windows NT 10.0; Win64; x64) AppleWebKit/537.36 (KHTML, like Gecko) Chrome/60.0.3112.113 Safari/537.36"
193.118.53.194 - - [21/Nov/2021:23:55:15 +0800] "GET / HTTP/1.1" 200 502 "http://140.117.178.171/" "Mozilla/5.0 (Windows NT 10.0; Win64; x64) AppleWebKit/537.36 (KHTML, like Gecko) Chrome/60.0.3112.113 Safari/537.36"
194.85.248.160 - - [21/Nov/2021:23:59:19 +0800] "GET / HTTP/1.1" 200 502 "-" "Mozilla/5.0 (X11; Ubuntu; Linux x86_64; rv:76.0) Gecko/20100101 Firefox/76.0"
45.137.21.9 - - [22/Nov/2021:00:33:58 +0800] "GET /dispatch.asp HTTP/1.1" 301 162 "-" "Mozilla/5.0 (iPad; CPU OS 7_1_2 like Mac OS X; en-US) AppleWebKit/531.5.2 (KHTML, like Gecko) Version/4.0.5 Mobile/8B116 Safari/6531.5.2"
167.248.133.42 - - [22/Nov/2021:00:39:00 +0800] "GET / HTTP/1.1" 301 162 "-" "-"
167.248.133.42 - - [22/Nov/2021:00:39:00 +0800] "GET / HTTP/1.1" 301 162 "-" "Mozilla/5.0 (compatible; CensysInspect/1.1; +https://about.censys.io/)"
167.248.133.42 - - [22/Nov/2021:00:39:03 +0800] "GET / HTTP/1.1" 200 502 "-" "Mozilla/5.0 (compatible; CensysInspect/1.1; +https://about.censys.io/)"
194.85.248.160 - - [22/Nov/2021:01:15:34 +0800] "GET / HTTP/1.1" 301 162 "-" "Linux Gnu (cow)"
89.248.165.52 - - [22/Nov/2021:01:25:30 +0800] "\x04\x01\x00\x19h/\x08!\x00" 400 150 "-" "-"
89.248.165.52 - - [22/Nov/2021:01:25:30 +0800] "\x05\x01\x00" 400 150 "-" "-"
89.248.165.52 - - [22/Nov/2021:01:25:31 +0800] "CONNECT hotmail-com.olc.protection.outlook.com:25 HTTP/1.1" 400 150 "-" "-"
194.85.248.160 - - [22/Nov/2021:01:25:52 +0800] "GET / HTTP/1.1" 301 162 "-" "Linux Gnu (cow)"
45.137.21.9 - - [22/Nov/2021:01:33:30 +0800] "GET /dispatch.asp HTTP/1.1" 301 162 "-" "Mozilla/5.0 (iPad; CPU OS 7_1_2 like Mac OS X; en-US) AppleWebKit/531.5.2 (KHTML, like Gecko) Version/4.0.5 Mobile/8B116 Safari/6531.5.2"
209.141.35.154 - - [22/Nov/2021:02:04:21 +0800] "GET / HTTP/1.1" 200 502 "-" "Mozilla/5.0 (X11; Ubuntu; Linux x86_64; rv:76.0) Gecko/20100101 Firefox/76.0"
45.137.21.9 - - [22/Nov/2021:02:24:51 +0800] "GET /dispatch.asp HTTP/1.1" 301 162 "-" "Mozilla/5.0 (iPad; CPU OS 7_1_2 like Mac OS X; en-US) AppleWebKit/531.5.2 (KHTML, like Gecko) Version/4.0.5 Mobile/8B116 Safari/6531.5.2"
23.251.102.74 - - [22/Nov/2021:02:39:51 +0800] "GET /owa/ HTTP/1.1" 200 502 "-" "Mozilla/5.0 (Windows NT 10.0; Win64; x64) AppleWebKit/537.36 (KHTML, like Gecko) Chrome/60.0.3112.113 Safari/537.36"
209.141.34.220 - - [22/Nov/2021:03:10:00 +0800] "GET /config/getuser?index=0 HTTP/1.1" 301 162 "-" "Mozilla/5.0 (X11; Ubuntu; Linux x86_64; rv:76.0) Gecko/20100101 Firefox/76.0"
194.85.248.160 - - [22/Nov/2021:03:19:51 +0800] "GET / HTTP/1.1" 200 502 "-" "Mozilla/5.0 (X11; Ubuntu; Linux x86_64; rv:76.0) Gecko/20100101 Firefox/76.0"
128.14.134.134 - - [22/Nov/2021:03:50:59 +0800] "GET / HTTP/1.1" 200 502 "-" "Mozilla/5.0 (Windows NT 10.0; Win64; x64) AppleWebKit/537.36 (KHTML, like Gecko) Chrome/60.0.3112.113 Safari/537.36"
128.14.134.134 - - [22/Nov/2021:03:51:11 +0800] "GET /webfig/ HTTP/1.1" 200 502 "-" "Mozilla/5.0 (Windows NT 10.0; Win64; x64) AppleWebKit/537.36 (KHTML, like Gecko) Chrome/60.0.3112.113 Safari/537.36"
106.3.138.170 - - [22/Nov/2021:03:56:24 +0800] "GET / HTTP/1.1" 200 1092 "-" "Mozilla/5.0 (Windows NT 10.0; Win64; x64; rv:79.0) Gecko/20100101 Firefox/79.0"
192.241.213.104 - - [22/Nov/2021:04:24:18 +0800] "GET /manager/text/list HTTP/1.1" 301 162 "-" "Mozilla/5.0 zgrab/0.x"
45.137.21.9 - - [22/Nov/2021:04:27:23 +0800] "GET /dispatch.asp HTTP/1.1" 301 162 "-" "Mozilla/5.0 (iPad; CPU OS 7_1_2 like Mac OS X; en-US) AppleWebKit/531.5.2 (KHTML, like Gecko) Version/4.0.5 Mobile/8B116 Safari/6531.5.2"
194.85.248.160 - - [22/Nov/2021:04:29:22 +0800] "GET / HTTP/1.1" 301 162 "-" "Linux Gnu (cow)"
205.185.115.39 - - [22/Nov/2021:04:51:50 +0800] "GET /config/getuser?index=0 HTTP/1.1" 400 248 "-" "Mozilla/5.0 (X11; Ubuntu; Linux x86_64; rv:76.0) Gecko/20100101 Firefox/76.0"
89.248.165.52 - - [22/Nov/2021:04:52:58 +0800] "\x04\x01\x00PU\xCE\xA0s\x00" 400 150 "-" "-"
89.248.165.52 - - [22/Nov/2021:04:52:59 +0800] "\x05\x01\x00" 400 150 "-" "-"
89.248.165.52 - - [22/Nov/2021:04:52:59 +0800] "CONNECT 85.206.160.115:80 HTTP/1.1" 400 150 "-" "-"
165.22.93.246 - - [22/Nov/2021:05:10:00 +0800] "GET / HTTP/1.0" 301 162 "-" "Mozilla/5.0 (Windows NT 10.0; Win64; x64; rv:82.0) Gecko/20100101 Firefox/82.0"
165.22.93.246 - - [22/Nov/2021:05:10:58 +0800] "GET /_ignition/execute-solution HTTP/1.1" 301 162 "-" "python-requests/2.18.4"
165.22.93.246 - - [22/Nov/2021:05:11:00 +0800] "GET /_ignition/execute-solution HTTP/1.1" 200 502 "-" "python-requests/2.18.4"
103.149.192.88 - - [22/Nov/2021:05:34:19 +0800] "GET / HTTP/1.1" 200 502 "-" "Mozilla/5.0 (Windows NT 10.0; Win64; x64) AppleWebKit/537.36 (KHTML, like Gecko) Chrome/79.0.3945.130 Safari/537.36"
89.248.164.165 - - [22/Nov/2021:05:41:37 +0800] "GET http://www.baidu.com/cache/global/img/gs.gif HTTP/1.1" 301 162 "-" "Mozilla"
194.85.248.160 - - [22/Nov/2021:06:06:16 +0800] "GET / HTTP/1.1" 301 162 "-" "Linux Gnu (cow)"
45.137.21.9 - - [22/Nov/2021:06:06:17 +0800] "GET /dispatch.asp HTTP/1.1" 301 162 "-" "Mozilla/5.0 (iPad; CPU OS 7_1_2 like Mac OS X; en-US) AppleWebKit/531.5.2 (KHTML, like Gecko) Version/4.0.5 Mobile/8B116 Safari/6531.5.2"
45.137.21.9 - - [22/Nov/2021:07:08:50 +0800] "GET /dispatch.asp HTTP/1.1" 301 162 "-" "Mozilla/5.0 (iPad; CPU OS 7_1_2 like Mac OS X; en-US) AppleWebKit/531.5.2 (KHTML, like Gecko) Version/4.0.5 Mobile/8B116 Safari/6531.5.2"
192.241.211.188 - - [22/Nov/2021:07:22:00 +0800] "GET /ecp/Current/exporttool/microsoft.exchange.ediscovery.exporttool.application HTTP/1.1" 200 502 "-" "Mozilla/5.0 zgrab/0.x"
192.241.195.37 - - [22/Nov/2021:07:42:19 +0800] "GET /manager/html HTTP/1.1" 301 162 "-" "Mozilla/5.0 zgrab/0.x"
184.105.247.254 - - [22/Nov/2021:07:52:11 +0800] "GET / HTTP/1.1" 301 162 "-" "-"
213.32.122.82 - - [22/Nov/2021:07:59:09 +0800] "GET / HTTP/1.1" 200 1092 "-" "Mozilla/5.0 (Windows NT 6.1) AppleWebKit/537.36 (KHTML, like Gecko) Chrome/41.0.2228.0 Safari/537.36"
192.241.201.18 - - [22/Nov/2021:08:02:23 +0800] "GET /hudson HTTP/1.1" 301 162 "-" "Mozilla/5.0 zgrab/0.x"
200.53.26.222 - - [22/Nov/2021:08:04:11 +0800] "GET / HTTP/1.1" 301 162 "-" "Mozilla/5.0 (Windows NT 6.1; WOW64) AppleWebKit/537.36 (KHTML, like Gecko) Chrome/51.0.2704.103 Safari/537.36"
209.141.59.110 - - [22/Nov/2021:08:04:32 +0800] "GET / HTTP/1.1" 301 162 "-" "Linux Gnu (cow)"
209.141.35.154 - - [22/Nov/2021:08:50:33 +0800] "GET / HTTP/1.1" 200 502 "-" "Mozilla/5.0 (X11; Ubuntu; Linux x86_64; rv:76.0) Gecko/20100101 Firefox/76.0"
54.244.111.89 - - [22/Nov/2021:08:51:38 +0800] "HEAD / HTTP/1.1" 301 0 "-" "Go-http-client/1.1"
54.244.111.89 - - [22/Nov/2021:08:51:38 +0800] "HEAD / HTTP/2.0" 200 0 "http://dorm.scc-net.tw" "Go-http-client/2.0"
34.209.225.170 - - [22/Nov/2021:08:51:39 +0800] "HEAD / HTTP/1.1" 301 0 "-" "Mozilla/5.0 (Windows NT 6.1; WOW64) AppleWebKit/537.36 (KHTML, like Gecko) Chrome/56.0.2924.76 Safari/537.36"
34.209.225.170 - - [22/Nov/2021:08:51:40 +0800] "HEAD / HTTP/2.0" 200 0 "http://dorm.scc-net.tw" "Mozilla/5.0 (Windows NT 6.1; WOW64) AppleWebKit/537.36 (KHTML, like Gecko) Chrome/56.0.2924.76 Safari/537.36"
119.90.52.57 - - [22/Nov/2021:08:52:59 +0800] "GET / HTTP/1.0" 200 1092 "-" "-"
119.90.52.57 - - [22/Nov/2021:08:53:04 +0800] "GET / HTTP/2.0" 200 490 "-" "Go-http-client/2.0"
34.212.53.86 - - [22/Nov/2021:08:56:26 +0800] "GET / HTTP/2.0" 200 490 "-" "Mozilla/5.0 (X11; Linux x86_64) AppleWebKit/537.36 (KHTML, like Gecko) HeadlessChrome/96.0.4664.45 Safari/537.36"
92.118.160.37 - - [22/Nov/2021:10:04:01 +0800] "GET / HTTP/1.1" 301 162 "-" "NetSystemsResearch studies the availability of various services across the internet. Our website is netsystemsresearch.com"
92.118.160.37 - - [22/Nov/2021:10:04:02 +0800] "GET / HTTP/1.1" 200 1092 "http://140.117.178.171:80/" "Go http package"
193.118.53.210 - - [22/Nov/2021:10:04:31 +0800] "GET / HTTP/1.1" 301 162 "-" "Mozilla/5.0 (Windows NT 10.0; Win64; x64) AppleWebKit/537.36 (KHTML, like Gecko) Chrome/60.0.3112.113 Safari/537.36"
193.118.53.210 - - [22/Nov/2021:10:04:32 +0800] "GET / HTTP/1.1" 200 502 "http://140.117.178.171/" "Mozilla/5.0 (Windows NT 10.0; Win64; x64) AppleWebKit/537.36 (KHTML, like Gecko) Chrome/60.0.3112.113 Safari/537.36"
193.118.53.210 - - [22/Nov/2021:10:04:37 +0800] "GET /webfig/ HTTP/1.1" 301 162 "-" "Mozilla/5.0 (Windows NT 10.0; Win64; x64) AppleWebKit/537.36 (KHTML, like Gecko) Chrome/60.0.3112.113 Safari/537.36"
193.118.53.210 - - [22/Nov/2021:10:04:38 +0800] "GET /webfig/ HTTP/1.1" 200 502 "http://140.117.178.171/webfig/" "Mozilla/5.0 (Windows NT 10.0; Win64; x64) AppleWebKit/537.36 (KHTML, like Gecko) Chrome/60.0.3112.113 Safari/537.36"
192.241.213.197 - - [22/Nov/2021:10:05:13 +0800] "GET /owa/auth/logon.aspx?url=https%3a%2f%2f1%2fecp%2f HTTP/1.1" 200 502 "-" "Mozilla/5.0 zgrab/0.x"
221.214.92.228 - - [22/Nov/2021:10:13:41 +0800] "GET http://www.w3w.org/ HTTP/1.1" 400 650 "-" "Mozilla/4.0 (compatible; MSIE 4.01; Windows 98)"
209.141.34.220 - - [22/Nov/2021:10:22:12 +0800] "GET /config/getuser?index=0 HTTP/1.1" 301 162 "-" "Mozilla/5.0 (X11; Ubuntu; Linux x86_64; rv:76.0) Gecko/20100101 Firefox/76.0"
35.233.62.116 - - [22/Nov/2021:10:23:54 +0800] "GET / HTTP/1.1" 200 502 "-" "python-requests/2.26.0"
192.241.212.44 - - [22/Nov/2021:10:28:40 +0800] "GET /ecp/Current/exporttool/microsoft.exchange.ediscovery.exporttool.application HTTP/1.1" 200 502 "-" "Mozilla/5.0 zgrab/0.x"
92.118.160.61 - - [22/Nov/2021:10:30:26 +0800] "GET / HTTP/1.1" 200 1 "-" "NetSystemsResearch studies the availability of various services across the internet. Our website is netsystemsresearch.com"
45.137.21.9 - - [22/Nov/2021:10:30:54 +0800] "GET /dispatch.asp HTTP/1.1" 301 162 "-" "Mozilla/5.0 (iPad; CPU OS 7_1_2 like Mac OS X; en-US) AppleWebKit/531.5.2 (KHTML, like Gecko) Version/4.0.5 Mobile/8B116 Safari/6531.5.2"
192.241.209.65 - - [22/Nov/2021:10:31:38 +0800] "GET /owa/auth/logon.aspx HTTP/1.1" 200 502 "-" "Mozilla/5.0 zgrab/0.x"
192.241.213.164 - - [22/Nov/2021:10:33:30 +0800] "GET /owa/auth/x.js HTTP/1.1" 200 502 "-" "Mozilla/5.0 zgrab/0.x"
221.214.92.228 - - [22/Nov/2021:10:42:29 +0800] "\x04\x01\x00P\xC7\xFA\xD0\x93\x00" 400 150 "-" "-"
221.214.92.228 - - [22/Nov/2021:10:42:29 +0800] "\x05\x01\x02" 400 150 "-" "-"
209.141.59.110 - - [22/Nov/2021:11:04:44 +0800] "GET / HTTP/1.1" 301 162 "-" "Linux Gnu (cow)"
209.141.35.154 - - [22/Nov/2021:11:21:52 +0800] "GET / HTTP/1.1" 200 502 "-" "Mozilla/5.0 (X11; Ubuntu; Linux x86_64; rv:76.0) Gecko/20100101 Firefox/76.0"
192.241.213.23 - - [22/Nov/2021:11:33:25 +0800] "GET /manager/html HTTP/1.1" 400 248 "-" "Mozilla/5.0 zgrab/0.x"
162.221.192.26 - - [22/Nov/2021:11:59:09 +0800] "GET / HTTP/1.1" 200 502 "-" "Mozilla/5.0 (Windows NT 10.0; Win64; x64) AppleWebKit/537.36 (KHTML, like Gecko) Chrome/60.0.3112.113 Safari/537.36"
172.105.234.247 - - [22/Nov/2021:12:24:27 +0800] "GET / HTTP/1.1" 301 162 "-" "Mozilla/5.0 AppleWebKit/537.36 (KHTML, like Gecko) Mobile Safari/537.36 (compatible; Bytespider; https://zhanzhang.toutiao.com/)"
91.21.226.148 - - [22/Nov/2021:12:43:05 +0800] "GET /phpmyadmin/ HTTP/1.1" 301 162 "-" "Mozilla/5.0 (Windows NT 10.0; WOW64) AppleWebKit/537.36 (KHTML, like Gecko) Chrome/51.0.2704.103 Safari/537.36"
88.80.189.57 - - [22/Nov/2021:12:46:52 +0800] "GET / HTTP/1.1" 200 502 "-" "Mozilla/5.0 (Windows NT 6.1; WOW64; rv:8.0) Gecko/20100101 Firefox/8.0"
205.185.124.100 - - [22/Nov/2021:12:51:28 +0800] "GET / HTTP/1.1" 301 162 "-" "Linux Gnu (cow)"
193.46.254.155 - - [22/Nov/2021:13:28:28 +0800] "\x16\x03\x01\x00{\x01\x00\x00w\x03\x03@\xD1\x9F\xFC\x9A~\xEC\xB2\x5C\xD9\xFB\xC6\x5C\xDFa\x85\x88=\x0C\x14\x0E\xDA7\xBB\xF9\xBF\x86K\x7F\x1C\xC54\x00\x00\x1A\xC0/\xC0+\xC0\x11\xC0\x07\xC0\x13\xC0\x09\xC0\x14\xC0" 400 150 "-" "-"
178.239.21.163 - - [22/Nov/2021:14:28:02 +0800] "GET ///remote/fgt_lang?lang=/../../../..//////////dev/ HTTP/1.1" 200 502 "-" "python-requests/2.6.0 CPython/2.7.5 Linux/3.10.0-1160.41.1.el7.x86_64"
132.145.39.16 - - [22/Nov/2021:14:34:14 +0800] "GET /.env HTTP/1.1" 301 162 "-" "Mozilla/5.0 (X11; Linux x86_64) AppleWebKit/537.36 (KHTML, like Gecko) Chrome/81.0.4044.129 Safari/537.36"
132.145.39.16 - - [22/Nov/2021:14:34:35 +0800] "POST / HTTP/1.1" 301 162 "-" "Mozilla/5.0 (X11; Linux x86_64) AppleWebKit/537.36 (KHTML, like Gecko) Chrome/81.0.4044.129 Safari/537.36"
172.105.234.247 - - [22/Nov/2021:14:37:02 +0800] "GET / HTTP/1.1" 200 1092 "-" "Mozilla/5.0 AppleWebKit/537.36 (KHTML, like Gecko) Mobile Safari/537.36 (compatible; Bytespider; https://zhanzhang.toutiao.com/)"
192.241.209.45 - - [22/Nov/2021:14:38:11 +0800] "GET /actuator/health HTTP/1.1" 200 502 "-" "Mozilla/5.0 zgrab/0.x"
185.228.5.145 - - [22/Nov/2021:14:44:15 +0800] "GET / HTTP/1.1" 301 162 "-" "Mozilla/5.0 (Windows NT 10.0; WOW64) AppleWebKit/537.36 (KHTML, like Gecko) Chrome/52.0.2743.116 Safari/537.36"
106.75.212.164 - - [22/Nov/2021:15:14:54 +0800] "\x00\x9C\x00\x01\x1A+<M\x00\x01\x00\x00\x01\x00\x00\x00\x00\x00\x00\x03\x00\x00\x00\x03\xFF\xFF\x00\x01local\x00\x00\x00\x00\x00\x00\x00\x00\x00\x00\x00\x00\x00\x00\x00\x00\x00\x00\x00\x00\x00\x00\x00\x00\x00\x00\x00\x00\x00\x00\x00\x00\x00\x00\x00\x00\x00\x00\x00\x00\x00\x00\x00\x00\x00\x00\x00\x00\x00\x00\x00\x00\x00\x00\x00\x00\x00\x00\x00cananian\x00\x00\x00\x00\x00\x00\x00\x00\x00\x00\x00\x00\x00\x00\x00\x00\x00\x00\x00\x00\x00\x00\x00\x00\x00\x00\x00\x00\x00\x00\x00\x00\x00\x00\x00\x00\x00\x00\x00\x00\x00\x00\x00\x00\x00\x00\x00\x00\x00\x00\x00\x00\x00\x00\x00\x00" 400 150 "-" "-"
106.75.212.164 - - [22/Nov/2021:15:14:55 +0800] "SSTP_DUPLEX_POST /sra_{BA195980-CD49-458b-9E23-C84EE0ADCD75}/ HTTP/1.1" 400 150 "-" "-"
109.203.165.152 - - [22/Nov/2021:15:23:54 +0800] "GET / HTTP/1.1" 301 162 "-" "Mozilla/5.0 (Windows NT 6.1; WOW64) AppleWebKit/537.36 (KHTML, like Gecko) Chrome/51.0.2704.103 Safari/537.36"
45.155.126.222 - - [22/Nov/2021:15:34:59 +0800] "GET / HTTP/1.1" 301 162 "-" "Mozilla/5.0 (compatible; tchelebi/1.0; +http://tchelebi.io)"
209.141.34.220 - - [22/Nov/2021:15:49:33 +0800] "GET /config/getuser?index=0 HTTP/1.1" 301 162 "-" "Mozilla/5.0 (X11; Ubuntu; Linux x86_64; rv:76.0) Gecko/20100101 Firefox/76.0"
205.185.124.100 - - [22/Nov/2021:15:57:27 +0800] "POST /boaform/admin/formLogin HTTP/1.1" 301 162 "http://140.117.178.171:80/admin/login.asp" "Mozilla/5.0 (X11; Ubuntu; Linux x86_64; rv:71.0) Gecko/20100101 Firefox/71.0"
205.185.124.100 - - [22/Nov/2021:15:57:27 +0800] "" 400 0 "-" "-"
178.128.85.163 - - [22/Nov/2021:16:02:56 +0800] "\x16\x03\x01\x01\xFE\x01\x00\x01\xFA\x03\x031\x11\x0B\x89X\x0BM\xCDO\xA0\xB5\xD7\x0E\xC9\xE0\xDDf*O9\x90\x1B\xBE?y\xA3l\xE0\x05\x9E\x7F\xC0\x00\x01<\xCC\x14\xCC\x13\xCC\x15\xC00\xC0,\xC0(\xC0$\xC0\x14\xC0" 400 150 "-" "-"
194.85.248.160 - - [22/Nov/2021:16:04:44 +0800] "GET / HTTP/1.1" 301 162 "-" "Linux Gnu (cow)"
52.27.125.138 - - [22/Nov/2021:16:18:09 +0800] "HEAD / HTTP/1.1" 301 0 "-" "Go-http-client/1.1"
52.27.125.138 - - [22/Nov/2021:16:18:10 +0800] "HEAD / HTTP/2.0" 404 0 "http://poke.dorm.scc-net.tw" "Go-http-client/2.0"
54.212.35.146 - - [22/Nov/2021:16:18:13 +0800] "HEAD / HTTP/1.1" 301 0 "-" "Mozilla/5.0 (Windows NT 6.1; WOW64) AppleWebKit/537.36 (KHTML, like Gecko) Chrome/56.0.2924.76 Safari/537.36"
54.212.35.146 - - [22/Nov/2021:16:18:14 +0800] "HEAD / HTTP/2.0" 404 0 "http://poke.dorm.scc-net.tw" "Mozilla/5.0 (Windows NT 6.1; WOW64) AppleWebKit/537.36 (KHTML, like Gecko) Chrome/56.0.2924.76 Safari/537.36"
54.212.35.146 - - [22/Nov/2021:16:18:14 +0800] "HEAD / HTTP/2.0" 404 0 "-" "Mozilla/5.0 (Windows NT 6.1; WOW64) AppleWebKit/537.36 (KHTML, like Gecko) Chrome/56.0.2924.76 Safari/537.36"
54.212.35.146 - - [22/Nov/2021:16:18:15 +0800] "HEAD / HTTP/1.1" 301 0 "-" "Mozilla/5.0 (Windows NT 6.1; WOW64) AppleWebKit/537.36 (KHTML, like Gecko) Chrome/56.0.2924.76 Safari/537.36"
54.212.35.146 - - [22/Nov/2021:16:18:15 +0800] "HEAD / HTTP/2.0" 404 0 "http://poke.dorm.scc-net.tw" "Mozilla/5.0 (Windows NT 6.1; WOW64) AppleWebKit/537.36 (KHTML, like Gecko) Chrome/56.0.2924.76 Safari/537.36"
54.212.35.146 - - [22/Nov/2021:16:18:16 +0800] "HEAD / HTTP/2.0" 404 0 "-" "Mozilla/5.0 (Windows NT 6.1; WOW64) AppleWebKit/537.36 (KHTML, like Gecko) Chrome/56.0.2924.76 Safari/537.36"
54.212.35.146 - - [22/Nov/2021:16:18:16 +0800] "HEAD / HTTP/1.1" 301 0 "-" "Mozilla/5.0 (Windows NT 6.1; WOW64) AppleWebKit/537.36 (KHTML, like Gecko) Chrome/56.0.2924.76 Safari/537.36"
54.212.35.146 - - [22/Nov/2021:16:18:17 +0800] "HEAD / HTTP/2.0" 404 0 "http://poke.dorm.scc-net.tw" "Mozilla/5.0 (Windows NT 6.1; WOW64) AppleWebKit/537.36 (KHTML, like Gecko) Chrome/56.0.2924.76 Safari/537.36"
54.212.35.146 - - [22/Nov/2021:16:18:17 +0800] "HEAD / HTTP/2.0" 404 0 "-" "Mozilla/5.0 (Windows NT 6.1; WOW64) AppleWebKit/537.36 (KHTML, like Gecko) Chrome/56.0.2924.76 Safari/537.36"
54.212.35.146 - - [22/Nov/2021:16:18:17 +0800] "HEAD / HTTP/1.1" 301 0 "-" "Mozilla/5.0 (Windows NT 6.1; WOW64) AppleWebKit/537.36 (KHTML, like Gecko) Chrome/56.0.2924.76 Safari/537.36"
54.212.35.146 - - [22/Nov/2021:16:18:18 +0800] "HEAD / HTTP/2.0" 404 0 "http://poke.dorm.scc-net.tw" "Mozilla/5.0 (Windows NT 6.1; WOW64) AppleWebKit/537.36 (KHTML, like Gecko) Chrome/56.0.2924.76 Safari/537.36"
54.212.35.146 - - [22/Nov/2021:16:18:19 +0800] "HEAD / HTTP/2.0" 404 0 "-" "Mozilla/5.0 (Windows NT 6.1; WOW64) AppleWebKit/537.36 (KHTML, like Gecko) Chrome/56.0.2924.76 Safari/537.36"
54.212.35.146 - - [22/Nov/2021:16:18:19 +0800] "HEAD / HTTP/1.1" 301 0 "-" "Mozilla/5.0 (Windows NT 6.1; WOW64) AppleWebKit/537.36 (KHTML, like Gecko) Chrome/56.0.2924.76 Safari/537.36"
54.212.35.146 - - [22/Nov/2021:16:18:19 +0800] "HEAD / HTTP/2.0" 404 0 "http://poke.dorm.scc-net.tw" "Mozilla/5.0 (Windows NT 6.1; WOW64) AppleWebKit/537.36 (KHTML, like Gecko) Chrome/56.0.2924.76 Safari/537.36"
54.212.35.146 - - [22/Nov/2021:16:18:20 +0800] "HEAD / HTTP/2.0" 404 0 "-" "Mozilla/5.0 (Windows NT 6.1; WOW64) AppleWebKit/537.36 (KHTML, like Gecko) Chrome/56.0.2924.76 Safari/537.36"
92.118.160.61 - - [22/Nov/2021:16:28:34 +0800] "GET / HTTP/1.1" 200 1092 "-" "NetSystemsResearch studies the availability of various services across the internet. Our website is netsystemsresearch.com"
128.1.248.42 - - [22/Nov/2021:16:30:23 +0800] "GET /solr/ HTTP/1.1" 200 502 "-" "Mozilla/5.0 (Windows NT 10.0; Win64; x64) AppleWebKit/537.36 (KHTML, like Gecko) Chrome/60.0.3112.113 Safari/537.36"
119.91.96.98 - - [22/Nov/2021:17:05:23 +0800] "GET /robots.txt HTTP/1.1" 301 162 "-" "Mozilla/5.0 (Macintosh; Intel Mac OS X 10_9_4) AppleWebKit/537.36 (KHTML, like Gecko) Chrome/36.0.1985.125 Safari/537.36"
119.91.96.98 - - [22/Nov/2021:17:05:26 +0800] "GET / HTTP/1.1" 301 162 "-" "Mozilla/5.0 (Macintosh; Intel Mac OS X 10_9_4) AppleWebKit/537.36 (KHTML, like Gecko) Chrome/36.0.1985.125 Safari/537.36"
119.91.96.98 - - [22/Nov/2021:17:05:27 +0800] "GET /test_404_page/ HTTP/1.1" 301 162 "-" "Mozilla/5.0 (Macintosh; Intel Mac OS X 10_9_4) AppleWebKit/537.36 (KHTML, like Gecko) Chrome/36.0.1985.125 Safari/537.36"
119.91.96.98 - - [22/Nov/2021:17:05:27 +0800] "GET /issmall/ HTTP/1.1" 301 162 "-" "Mozilla/5.0 (Macintosh; Intel Mac OS X 10_9_4) AppleWebKit/537.36 (KHTML, like Gecko) Chrome/36.0.1985.125 Safari/537.36"
119.91.96.98 - - [22/Nov/2021:17:05:28 +0800] "GET /administrator/manifests/files/joomla.xml HTTP/1.1" 301 162 "-" "Mozilla/5.0 (Macintosh; Intel Mac OS X 10_9_4) AppleWebKit/537.36 (KHTML, like Gecko) Chrome/36.0.1985.125 Safari/537.36"
119.91.96.98 - - [22/Nov/2021:17:05:28 +0800] "GET /docs.css HTTP/1.1" 301 162 "-" "Mozilla/5.0 (Macintosh; Intel Mac OS X 10_9_4) AppleWebKit/537.36 (KHTML, like Gecko) Chrome/36.0.1985.125 Safari/537.36"
119.91.96.98 - - [22/Nov/2021:17:05:29 +0800] "GET /phpmyadmin/themes/original/img/logo_right.png HTTP/1.1" 301 162 "-" "Mozilla/5.0 (Macintosh; Intel Mac OS X 10_9_4) AppleWebKit/537.36 (KHTML, like Gecko) Chrome/36.0.1985.125 Safari/537.36"
119.91.96.98 - - [22/Nov/2021:17:05:29 +0800] "GET /phpmyadmin/favicon.ico HTTP/1.1" 301 162 "-" "Mozilla/5.0 (Macintosh; Intel Mac OS X 10_9_4) AppleWebKit/537.36 (KHTML, like Gecko) Chrome/36.0.1985.125 Safari/537.36"
119.91.96.98 - - [22/Nov/2021:17:05:30 +0800] "GET /phpmyadmin/docs.css HTTP/1.1" 301 162 "-" "Mozilla/5.0 (Macintosh; Intel Mac OS X 10_9_4) AppleWebKit/537.36 (KHTML, like Gecko) Chrome/36.0.1985.125 Safari/537.36"
119.91.96.98 - - [22/Nov/2021:17:05:30 +0800] "GET /ckeditor/ckeditor.js HTTP/1.1" 301 162 "-" "Mozilla/5.0 (Macintosh; Intel Mac OS X 10_9_4) AppleWebKit/537.36 (KHTML, like Gecko) Chrome/36.0.1985.125 Safari/537.36"
119.91.96.98 - - [22/Nov/2021:17:05:31 +0800] "GET /fckeditor/fckconfig.js HTTP/1.1" 301 162 "-" "Mozilla/5.0 (Macintosh; Intel Mac OS X 10_9_4) AppleWebKit/537.36 (KHTML, like Gecko) Chrome/36.0.1985.125 Safari/537.36"
119.91.96.98 - - [22/Nov/2021:17:05:33 +0800] "GET /fckeditor/editor/dtd/fck_dtd_test.html HTTP/1.1" 301 162 "-" "Mozilla/5.0 (Macintosh; Intel Mac OS X 10_9_4) AppleWebKit/537.36 (KHTML, like Gecko) Chrome/36.0.1985.125 Safari/537.36"
119.91.96.98 - - [22/Nov/2021:17:05:36 +0800] "GET /fckeditor/license.txt HTTP/1.1" 301 162 "-" "Mozilla/5.0 (Macintosh; Intel Mac OS X 10_9_4) AppleWebKit/537.36 (KHTML, like Gecko) Chrome/36.0.1985.125 Safari/537.36"
119.91.96.98 - - [22/Nov/2021:17:05:37 +0800] "GET /fckeditor/editor/js/fckeditorcode_ie.js HTTP/1.1" 301 162 "-" "Mozilla/5.0 (Macintosh; Intel Mac OS X 10_9_4) AppleWebKit/537.36 (KHTML, like Gecko) Chrome/36.0.1985.125 Safari/537.36"
119.91.96.98 - - [22/Nov/2021:17:05:38 +0800] "GET /fckeditor/fckeditor.js HTTP/1.1" 301 162 "-" "Mozilla/5.0 (Macintosh; Intel Mac OS X 10_9_4) AppleWebKit/537.36 (KHTML, like Gecko) Chrome/36.0.1985.125 Safari/537.36"
119.91.96.98 - - [22/Nov/2021:17:05:38 +0800] "GET /FCK/editor/js/fckeditorcode_ie.js HTTP/1.1" 301 162 "-" "Mozilla/5.0 (Macintosh; Intel Mac OS X 10_9_4) AppleWebKit/537.36 (KHTML, like Gecko) Chrome/36.0.1985.125 Safari/537.36"
119.91.96.98 - - [22/Nov/2021:17:05:38 +0800] "GET /FCK/fckeditor.js HTTP/1.1" 301 162 "-" "Mozilla/5.0 (Macintosh; Intel Mac OS X 10_9_4) AppleWebKit/537.36 (KHTML, like Gecko) Chrome/36.0.1985.125 Safari/537.36"
119.91.96.98 - - [22/Nov/2021:17:05:39 +0800] "GET /fckeditor.js HTTP/1.1" 301 162 "-" "Mozilla/5.0 (Macintosh; Intel Mac OS X 10_9_4) AppleWebKit/537.36 (KHTML, like Gecko) Chrome/36.0.1985.125 Safari/537.36"
119.91.96.98 - - [22/Nov/2021:17:05:39 +0800] "GET /editor/fckeditor.js HTTP/1.1" 301 162 "-" "Mozilla/5.0 (Macintosh; Intel Mac OS X 10_9_4) AppleWebKit/537.36 (KHTML, like Gecko) Chrome/36.0.1985.125 Safari/537.36"
119.91.96.98 - - [22/Nov/2021:17:05:42 +0800] "GET /editor/js/fckeditorcode_ie.js HTTP/1.1" 301 162 "-" "Mozilla/5.0 (Macintosh; Intel Mac OS X 10_9_4) AppleWebKit/537.36 (KHTML, like Gecko) Chrome/36.0.1985.125 Safari/537.36"
119.91.96.98 - - [22/Nov/2021:17:05:42 +0800] "GET /?q=login.destroy.session&r=0.01231231230 HTTP/1.1" 301 162 "-" "Mozilla/5.0 (Macintosh; Intel Mac OS X 10_9_4) AppleWebKit/537.36 (KHTML, like Gecko) Chrome/36.0.1985.125 Safari/537.36"
119.91.96.98 - - [22/Nov/2021:17:05:42 +0800] "GET /tpl/user/tpl1/css/skins/blue.css HTTP/1.1" 301 162 "-" "Mozilla/5.0 (Macintosh; Intel Mac OS X 10_9_4) AppleWebKit/537.36 (KHTML, like Gecko) Chrome/36.0.1985.125 Safari/537.36"
119.91.96.98 - - [22/Nov/2021:17:05:44 +0800] "GET /favicon.ico HTTP/1.1" 301 162 "-" "Mozilla/5.0 (Macintosh; Intel Mac OS X 10_9_4) AppleWebKit/537.36 (KHTML, like Gecko) Chrome/36.0.1985.125 Safari/537.36"
119.91.96.98 - - [22/Nov/2021:17:05:45 +0800] "GET /images/login/eyoumail.gif HTTP/1.1" 301 162 "-" "Mozilla/5.0 (Macintosh; Intel Mac OS X 10_9_4) AppleWebKit/537.36 (KHTML, like Gecko) Chrome/36.0.1985.125 Safari/537.36"
119.91.96.98 - - [22/Nov/2021:17:05:45 +0800] "GET /images/login/logo.gif HTTP/1.1" 301 162 "-" "Mozilla/5.0 (Macintosh; Intel Mac OS X 10_9_4) AppleWebKit/537.36 (KHTML, like Gecko) Chrome/36.0.1985.125 Safari/537.36"
119.91.96.98 - - [22/Nov/2021:17:05:47 +0800] "GET /tpl/login/user/images/login_bg_1.jpg HTTP/1.1" 301 162 "-" "Mozilla/5.0 (Macintosh; Intel Mac OS X 10_9_4) AppleWebKit/537.36 (KHTML, like Gecko) Chrome/36.0.1985.125 Safari/537.36"
119.91.96.98 - - [22/Nov/2021:17:05:47 +0800] "GET /images/login/icon-up.gif HTTP/1.1" 301 162 "-" "Mozilla/5.0 (Macintosh; Intel Mac OS X 10_9_4) AppleWebKit/537.36 (KHTML, like Gecko) Chrome/36.0.1985.125 Safari/537.36"
119.91.96.98 - - [22/Nov/2021:17:05:48 +0800] "GET /docs/ HTTP/1.1" 301 162 "-" "Mozilla/5.0 (Macintosh; Intel Mac OS X 10_9_4) AppleWebKit/537.36 (KHTML, like Gecko) Chrome/36.0.1985.125 Safari/537.36"
119.91.96.98 - - [22/Nov/2021:17:05:48 +0800] "GET /new_gb/help/images/usage/3.3.gif HTTP/1.1" 301 162 "-" "Mozilla/5.0 (Macintosh; Intel Mac OS X 10_9_4) AppleWebKit/537.36 (KHTML, like Gecko) Chrome/36.0.1985.125 Safari/537.36"
119.91.96.98 - - [22/Nov/2021:17:05:49 +0800] "GET /web2/login_template/1.files/Logo1.jpg HTTP/1.1" 301 162 "-" "Mozilla/5.0 (Macintosh; Intel Mac OS X 10_9_4) AppleWebKit/537.36 (KHTML, like Gecko) Chrome/36.0.1985.125 Safari/537.36"
119.91.96.98 - - [22/Nov/2021:17:05:50 +0800] "GET /e/master/login.aspx HTTP/1.1" 301 162 "-" "Mozilla/5.0 (Macintosh; Intel Mac OS X 10_9_4) AppleWebKit/537.36 (KHTML, like Gecko) Chrome/36.0.1985.125 Safari/537.36"
119.91.96.98 - - [22/Nov/2021:17:05:51 +0800] "GET /master/login.aspx HTTP/1.1" 301 162 "-" "Mozilla/5.0 (Macintosh; Intel Mac OS X 10_9_4) AppleWebKit/537.36 (KHTML, like Gecko) Chrome/36.0.1985.125 Safari/537.36"
119.91.96.98 - - [22/Nov/2021:17:05:51 +0800] "GET /archiver HTTP/1.1" 301 162 "-" "Mozilla/5.0 (Macintosh; Intel Mac OS X 10_9_4) AppleWebKit/537.36 (KHTML, like Gecko) Chrome/36.0.1985.125 Safari/537.36"
119.91.96.98 - - [22/Nov/2021:17:05:52 +0800] "GET /tools/rss.aspx HTTP/1.1" 301 162 "-" "Mozilla/5.0 (Macintosh; Intel Mac OS X 10_9_4) AppleWebKit/537.36 (KHTML, like Gecko) Chrome/36.0.1985.125 Safari/537.36"
119.91.96.98 - - [22/Nov/2021:17:05:53 +0800] "GET /License.txt HTTP/1.1" 301 162 "-" "Mozilla/5.0 (Macintosh; Intel Mac OS X 10_9_4) AppleWebKit/537.36 (KHTML, like Gecko) Chrome/36.0.1985.125 Safari/537.36"
119.91.96.98 - - [22/Nov/2021:17:05:56 +0800] "GET /admin HTTP/1.1" 301 162 "-" "Mozilla/5.0 (Macintosh; Intel Mac OS X 10_9_4) AppleWebKit/537.36 (KHTML, like Gecko) Chrome/36.0.1985.125 Safari/537.36"
119.91.96.98 - - [22/Nov/2021:17:05:56 +0800] "GET /list.php HTTP/1.1" 301 162 "-" "Mozilla/5.0 (Macintosh; Intel Mac OS X 10_9_4) AppleWebKit/537.36 (KHTML, like Gecko) Chrome/36.0.1985.125 Safari/537.36"
119.91.96.98 - - [22/Nov/2021:17:05:57 +0800] "GET /admin/template/article_more/config.htm HTTP/1.1" 301 162 "-" "Mozilla/5.0 (Macintosh; Intel Mac OS X 10_9_4) AppleWebKit/537.36 (KHTML, like Gecko) Chrome/36.0.1985.125 Safari/537.36"
119.91.96.98 - - [22/Nov/2021:17:05:58 +0800] "GET /rss.php HTTP/1.1" 301 162 "-" "Mozilla/5.0 (Macintosh; Intel Mac OS X 10_9_4) AppleWebKit/537.36 (KHTML, like Gecko) Chrome/36.0.1985.125 Safari/537.36"
119.91.96.98 - - [22/Nov/2021:17:05:58 +0800] "GET /auth/login HTTP/1.1" 301 162 "-" "Mozilla/5.0 (Macintosh; Intel Mac OS X 10_9_4) AppleWebKit/537.36 (KHTML, like Gecko) Chrome/36.0.1985.125 Safari/537.36"
119.91.96.98 - - [22/Nov/2021:17:05:58 +0800] "GET /inc/rsd.php HTTP/1.1" 301 162 "-" "Mozilla/5.0 (Macintosh; Intel Mac OS X 10_9_4) AppleWebKit/537.36 (KHTML, like Gecko) Chrome/36.0.1985.125 Safari/537.36"
119.91.96.98 - - [22/Nov/2021:17:05:59 +0800] "GET /ckfinder/ckfinder.html HTTP/1.1" 301 162 "-" "Mozilla/5.0 (Macintosh; Intel Mac OS X 10_9_4) AppleWebKit/537.36 (KHTML, like Gecko) Chrome/36.0.1985.125 Safari/537.36"
119.91.96.98 - - [22/Nov/2021:17:06:00 +0800] "GET /ckfinder/install.txt HTTP/1.1" 301 162 "-" "Mozilla/5.0 (Macintosh; Intel Mac OS X 10_9_4) AppleWebKit/537.36 (KHTML, like Gecko) Chrome/36.0.1985.125 Safari/537.36"
119.91.96.98 - - [22/Nov/2021:17:06:00 +0800] "GET /ckeditor/ckfinder/ckfinder.html HTTP/1.1" 301 162 "-" "Mozilla/5.0 (Macintosh; Intel Mac OS X 10_9_4) AppleWebKit/537.36 (KHTML, like Gecko) Chrome/36.0.1985.125 Safari/537.36"
119.91.96.98 - - [22/Nov/2021:17:06:01 +0800] "GET /ckeditor/ckfinder/install.txt HTTP/1.1" 301 162 "-" "Mozilla/5.0 (Macintosh; Intel Mac OS X 10_9_4) AppleWebKit/537.36 (KHTML, like Gecko) Chrome/36.0.1985.125 Safari/537.36"
119.91.96.98 - - [22/Nov/2021:17:06:01 +0800] "GET /Images/login/biaoti.jpg HTTP/1.1" 301 162 "-" "Mozilla/5.0 (Macintosh; Intel Mac OS X 10_9_4) AppleWebKit/537.36 (KHTML, like Gecko) Chrome/36.0.1985.125 Safari/537.36"
119.91.96.98 - - [22/Nov/2021:17:06:01 +0800] "GET /Images/login/lefttu.jpg HTTP/1.1" 301 162 "-" "Mozilla/5.0 (Macintosh; Intel Mac OS X 10_9_4) AppleWebKit/537.36 (KHTML, like Gecko) Chrome/36.0.1985.125 Safari/537.36"
119.91.96.98 - - [22/Nov/2021:17:06:02 +0800] "GET /Images/login/mainlogo.gif HTTP/1.1" 301 162 "-" "Mozilla/5.0 (Macintosh; Intel Mac OS X 10_9_4) AppleWebKit/537.36 (KHTML, like Gecko) Chrome/36.0.1985.125 Safari/537.36"
119.91.96.98 - - [22/Nov/2021:17:06:03 +0800] "GET /next/img/logo.gif HTTP/1.1" 301 162 "-" "Mozilla/5.0 (Macintosh; Intel Mac OS X 10_9_4) AppleWebKit/537.36 (KHTML, like Gecko) Chrome/36.0.1985.125 Safari/537.36"
119.91.96.98 - - [22/Nov/2021:17:06:04 +0800] "GET /maintlogin.jsp HTTP/1.1" 301 162 "-" "Mozilla/5.0 (Macintosh; Intel Mac OS X 10_9_4) AppleWebKit/537.36 (KHTML, like Gecko) Chrome/36.0.1985.125 Safari/537.36"
119.91.96.98 - - [22/Nov/2021:17:06:06 +0800] "GET /common/help/images/helplogo.gif HTTP/1.1" 301 162 "-" "Mozilla/5.0 (Macintosh; Intel Mac OS X 10_9_4) AppleWebKit/537.36 (KHTML, like Gecko) Chrome/36.0.1985.125 Safari/537.36"
119.91.96.98 - - [22/Nov/2021:17:06:09 +0800] "GET /common/help/images/helplogo_zh.gif HTTP/1.1" 301 162 "-" "Mozilla/5.0 (Macintosh; Intel Mac OS X 10_9_4) AppleWebKit/537.36 (KHTML, like Gecko) Chrome/36.0.1985.125 Safari/537.36"
119.91.96.98 - - [22/Nov/2021:17:06:09 +0800] "GET /coremail/common/help/images/helplogo_zh.gif HTTP/1.1" 301 162 "-" "Mozilla/5.0 (Macintosh; Intel Mac OS X 10_9_4) AppleWebKit/537.36 (KHTML, like Gecko) Chrome/36.0.1985.125 Safari/537.36"
119.91.96.98 - - [22/Nov/2021:17:06:11 +0800] "GET /coremail/common/help/images/helplogo.gif HTTP/1.1" 301 162 "-" "Mozilla/5.0 (Macintosh; Intel Mac OS X 10_9_4) AppleWebKit/537.36 (KHTML, like Gecko) Chrome/36.0.1985.125 Safari/537.36"
119.91.96.98 - - [22/Nov/2021:17:06:12 +0800] "GET /archive/archive.css HTTP/1.1" 301 162 "-" "Mozilla/5.0 (Macintosh; Intel Mac OS X 10_9_4) AppleWebKit/537.36 (KHTML, like Gecko) Chrome/36.0.1985.125 Safari/537.36"
119.91.96.98 - - [22/Nov/2021:17:06:13 +0800] "GET /clientscript/vbulletin_ajax_htmlloader.js HTTP/1.1" 301 162 "-" "Mozilla/5.0 (Macintosh; Intel Mac OS X 10_9_4) AppleWebKit/537.36 (KHTML, like Gecko) Chrome/36.0.1985.125 Safari/537.36"
119.91.96.98 - - [22/Nov/2021:17:06:13 +0800] "GET /dialog/dialog.js HTTP/1.1" 301 162 "-" "Mozilla/5.0 (Macintosh; Intel Mac OS X 10_9_4) AppleWebKit/537.36 (KHTML, like Gecko) Chrome/36.0.1985.125 Safari/537.36"
119.91.96.98 - - [22/Nov/2021:17:06:14 +0800] "GET /Editor.js HTTP/1.1" 301 162 "-" "Mozilla/5.0 (Macintosh; Intel Mac OS X 10_9_4) AppleWebKit/537.36 (KHTML, like Gecko) Chrome/36.0.1985.125 Safari/537.36"
119.91.96.98 - - [22/Nov/2021:17:06:14 +0800] "GET /images/2_11.gif HTTP/1.1" 301 162 "-" "Mozilla/5.0 (Macintosh; Intel Mac OS X 10_9_4) AppleWebKit/537.36 (KHTML, like Gecko) Chrome/36.0.1985.125 Safari/537.36"
119.91.96.98 - - [22/Nov/2021:17:06:14 +0800] "GET /js/buttons.js HTTP/1.1" 301 162 "-" "Mozilla/5.0 (Macintosh; Intel Mac OS X 10_9_4) AppleWebKit/537.36 (KHTML, like Gecko) Chrome/36.0.1985.125 Safari/537.36"
119.91.96.98 - - [22/Nov/2021:17:06:16 +0800] "GET /help/ch_gb/images/help-title.gif HTTP/1.1" 301 162 "-" "Mozilla/5.0 (Macintosh; Intel Mac OS X 10_9_4) AppleWebKit/537.36 (KHTML, like Gecko) Chrome/36.0.1985.125 Safari/537.36"
119.91.96.98 - - [22/Nov/2021:17:06:17 +0800] "GET /admin/index.php HTTP/1.1" 301 162 "-" "Mozilla/5.0 (Macintosh; Intel Mac OS X 10_9_4) AppleWebKit/537.36 (KHTML, like Gecko) Chrome/36.0.1985.125 Safari/537.36"
119.91.96.98 - - [22/Nov/2021:17:06:18 +0800] "GET /CuteSoft_Client/CuteEditor/ImageEditor/listfiles.aspx HTTP/1.1" 301 162 "-" "Mozilla/5.0 (Macintosh; Intel Mac OS X 10_9_4) AppleWebKit/537.36 (KHTML, like Gecko) Chrome/36.0.1985.125 Safari/537.36"
119.91.96.98 - - [22/Nov/2021:17:06:18 +0800] "GET /CuteSoft_Client/CuteEditor/Help/default.htm HTTP/1.1" 301 162 "-" "Mozilla/5.0 (Macintosh; Intel Mac OS X 10_9_4) AppleWebKit/537.36 (KHTML, like Gecko) Chrome/36.0.1985.125 Safari/537.36"
119.91.96.98 - - [22/Nov/2021:17:06:19 +0800] "GET /CuteSoft_Client/CuteEditor/Images/log.gif HTTP/1.1" 301 162 "-" "Mozilla/5.0 (Macintosh; Intel Mac OS X 10_9_4) AppleWebKit/537.36 (KHTML, like Gecko) Chrome/36.0.1985.125 Safari/537.36"
